// Jest Snapshot v1, https://goo.gl/fbAQLP

exports[`<IconDay /> should render with default props 1`] = `ShallowWrapper {}`;
